/services/car-storage   /car_storage;
/services/car-detailing /vehicle-services/detailing-and-valeting;
/services/vehicle-collection-delivery-transport-logistics       /vehicle-services/vehicle-collection-and-delivery;
/services/import-exporting      /vehicle-services/vehicle-importing-exporting;
/insurance-broking      /vinttro-cover;
/insurance-broking/insurance    /vinttro-cover/specialist_car_insurance;
/insurance-broking/insurance/classic-retro-cars /vinttro-cover/specialist_car_insurance/classic-car-and-retro-car-insurance;
/insurance-broking/insurance/multicar-multi-vehicle-policies    /vinttro-cover/specialist_car_insurance/multi-car-policies;
/insurance-broking/insurance/high-performance-and-supercars     /vinttro-cover/specialist_car_insurance/luxury-and-high-performance-car-insurance;
/insurance-broking/insurance/motorhomes-and-camper-van  /vinttro-cover/specialist_car_insurance/camper-van-motorhome-insurance;
/insurance-broking/insurance/custom-cars-hot-rods       /vinttro-cover/specialist_car_insurance/us-muscle-cars-custom-cars-hot-rods;
/insurance-broking/insurance/modified-cars-and-vans     /vinttro-cover/specialist_car_insurance/modified_car;
/insurance-broking/insurance/kit-replica-car    /vinttro-cover/specialist_car_insurance/recreation-and-kit-car-insurance;
/insurance-broking/insurance/imported-cars      /vinttro-cover/specialist_car_insurance/import-jdm-insurance;
/insurance-broking/insurance/classic-motorcycles        /vinttro-cover/specialist_car_insurance/classic-motorcycle-insurance;
/insurance-broking/insurance/military-vehicle   /vinttro-cover/specialist_car_insurance/ex-military-vehicle-insurance;
/insurance-broking/insurance/horsebox-  /vinttro-cover/specialist_car_insurance/horsebox-trailers;
/insurance-broking/insurance/learner-driver-    /vinttro-cover/specialist_car_insurance/learner-driver-insurance;
/insurance-broking/insurance/convicted-drivers- /vinttro-cover/specialist_car_insurance/convicted-driver-insurance;
/insurance-broking/commercial-combined-business-insurance       /b2b-services/business-insurance-broker;
/insurance-broking/insurance/van-fleets-mini-bus        /b2b-services/business-insurance-broker/van-fleet-insurance;
/insurance-broking/home-and-contents-insurance  /vinttro-cover/home-contents-insurance;
/claims-and-accident-management-        /b2b-services/claims-and-accident-management;
/accident-management-services   /b2b-services/claims-and-accident-management/accident-management;
/accident-management-services/approved-repair-network   /b2b-services/claims-and-accident-management/accident-management/approved-repair-network;
/accident-management-services/first-notification-of-loss-       /b2b-services/claims-and-accident-management/accident-management/first-notification-of-loss-fnol;
/accident-management-services/engineering-loss-adjusting        /b2b-services/claims-and-accident-management/accident-management/engineering-and-loss-adjusting;
/accident-management-services/vehicle-tracking-telematics-      /b2b-services/claims-and-accident-management/accident-management/5-great-benefits-of-vehicle-tracking-and-telematics;
/claims-and-accident-management-/claims-recovery        /b2b-services/claims-and-accident-management/claims-recovery;
/claims-and-accident-management-/defendant-claims-      /b2b-services/claims-and-accident-management/expert-defence-in-defendant-motor-claims;
/claims-and-accident-management-/litigation-    /b2b-services/claims-and-accident-management/claims-litigation;
/services/finance       /funding-and-protection-vinttro;
/consultancy-   /b2b;
/legal-services /legal-services-2;
/legal-services/wills-trusts-and-probate        /legal-services-2/wills-trusts-probate;
/legal-services/personal-injury /legal-services-2/personal-injury;
/legal-services/residential-conveyancing        /legal-services-2/conveyancing;
/legal-services/family-matters- /legal-services-2/family-matters;
/legal-services/corporate-commercial-   /b2b-services/expert-legal-services-b2b-for-your-business/corporate-and-commercial-law;
/legal-services/employment-law  /b2b-services/expert-legal-services-b2b-for-your-business/employment-law;
/legal-services/commercial-property     /b2b-services/expert-legal-services-b2b-for-your-business/commercial-property;
/events /event;
/blog   /news;
/mission-statement-vision       /vintto-about-us-our-story;
/our-brand      /vintto-about-us-our-story;
/contact        /vintto-about-us-our-story;
/products/detailing-products    /detailing-and-valeting;
/products/indoor-car-cover?category=1   /car_storage/#additional-option;
/account/login?return=%2Faccount        /#vinttro-membershi;
/blog/patek-philippe-1943-ref-1518      /2025/11/13/patek-philippe-meets-ferrari;
/blog/vinttro-partners-with-elite-watch-specialist-to-serve-clients-who-appreciate-the-finer-things     /2025/10/30/elite-watch-specialist-timepieces;
/blog/classic-and-investment-car-tax-concerns-as-rachel-reeves-could-target-british-drivers     /2025/10/24/classic-car-tax-worry-ahead-of-budget;
/blog/vinttro-partners-with-bridge-classic-cars-exclusive-20-members-discount   /2025/10/22/bridge-classic-cars-members-discount;
/blog/lotus-esprit---50-years   /2025/10/16/lotus-esprit-turns-50;
/blog/expanding-our-non-standard-car-appetite-product-updates   /2025/10/09/niche-car-insurance-proposition;
/blog/celebrating-a-classic-stephen-collis-and-his-1967-mgb     /event;
/blog/vinttro-is-delighted-to-announce-the-appointment-of-stephen-collis-as-a-non-executive-director    /event;
/blog/insurer-panel-expansion   /2024/09/25/insurer-panel-extension-car-cover;
/blog/delorean  /2025/09/11/delorean-dmc-12;
/blog/vinttro-cover-defends-dance-dean-against-opportunist-motor-claim  /2025/09/04/motor-claims-expertise;
/blog/why-beautiful-cars-deserve-more-than-just-cheap-insurance /event;
/blog/telematics-trackers-and-dash-cams /2025/09/04/telematics-trackers-and-dash-cams;
/blog/dvla-announces-landmark-overhaul-for-restored-and-modified-vehicles       /2025/08/25/dvla-announces-landmark-overhaul;
/blog/popup-headlights-an-iconic-car-design     /2025/08/06/pop-up-headlights-a-tribute;
/blog/your-vehicle-replacement-options-after-an-accident-credit-hire-explained  /2025/07/21/your-replacement-vehicle-options;
/blog/proud-sponsors-at-the-2025-paragon-cup-wentworth  /event;
/blog/how-we-won-a-client-by-giving-the-right-advice-not-by-just-selling-a-policy       /2025/06/30/insurance-broking-the-cost-of-claims;
/blog/why-we-built-our-brand-competing-with-giants-by-being-ourselves   /event;
/blog/why-vinttro-now-offers-fleet-and-van-insurance    /event;
/blog/things-to-consider-when-asked-to-use-your-car-for-a-prom-or-wedding       /2025/06/13/prom-or-wedding-insurance;
/blog/niche-property-contents-cover-added-to-our-broker-portfolio       /event;
/blog/world-business-leaders---who-are-passionate-about-rare-and-classic-cars   /event;
/blog/insurance-cover-understanding-legal-expenses      /event;
/blog/your-right-to-choose-your-own-repairer-our-essential-guidance-for-classic-and-prestige-car-owners /event;
/blog/optimal-time-to-renew-niche-car-insurance /event;
/blog/sports-cars-and-watches-a-timeless-connection     /event;
/blog/why-use-insurance-brokers /event;
/blog/multi-car-policies-the-smart-way-to-save-money    /event;
/blog/insurance-groups  /event;
/blog/how-to-sorn-a-vehicle-online-in-the-uk    /event;
/blog/how-to-prepare-your-car-for-a-vint-tro-road-trip  /event;
/blog/kit-car-and-recreation-car-insurance-a-comprehensive-guide        /event;
/blog/why-vinttro-had-to-rebrand        /event;
/blog/the-joys-of-owning-a-classic-car  /event;
/blog/rolls-royce-pure-elegance-and-lifestyle   /event;
/blog/why-car-storage-is-not-straightforward    /event;
/blog/f1-legend-gerhard-bergers-stolen-ferrari-has-been-recovered-after-28-years        /event;
/blog/an-appearance-on-the-jeremy-kyle-show-caught-an-insurance-fraudster       /event;
/blog/the-horrors-that-unregulated-will-writers-can-leave-behind        /event;
/blog/the-fca-has-identified-shortcomings-in-how-some-motor-insurers-are-valuing-written-off-or-stolen-vehicles /event;
/blog/a-1929-vintage-rolls-royce-owned-by-us-actor-jason-momoa-has-been-converted-to-electric   /event;
/blog/mr-bean-actor-blamed-by-the-house-of-lords-for-poor-electric-car-sales    /event;